	TITLE	E:\Compile Controller\Online Package\MDINote\FastString.bas
	.386P
include listing.inc
if @Version gt 510
.model FLAT
else
_TEXT	SEGMENT PARA USE32 PUBLIC 'CODE'
_TEXT	ENDS
_DATA	SEGMENT DWORD USE32 PUBLIC 'DATA'
_DATA	ENDS
CONST	SEGMENT DWORD USE32 PUBLIC 'CONST'
CONST	ENDS
_BSS	SEGMENT DWORD USE32 PUBLIC 'BSS'
_BSS	ENDS
$$SYMBOLS	SEGMENT BYTE USE32 'DEBSYM'
$$SYMBOLS	ENDS
$$TYPES	SEGMENT BYTE USE32 'DEBTYP'
$$TYPES	ENDS
_TLS	SEGMENT DWORD USE32 PUBLIC 'TLS'
_TLS	ENDS
text$1	SEGMENT PARA USE32 PUBLIC ''
text$1	ENDS
;	COMDAT ?FastBStringReverse@modFastString_stub@@AAGXXZ
text$1	SEGMENT PARA USE32 PUBLIC ''
text$1	ENDS
FLAT	GROUP _DATA, CONST, _BSS
	ASSUME	CS: FLAT, DS: FLAT, SS: FLAT
endif
PUBLIC	?FastBStringReverse@modFastString_stub@@AAGXXZ	; modFastString_stub::FastBStringReverse
;	COMDAT ?FastBStringReverse@modFastString_stub@@AAGXXZ
text$1	SEGMENT
?FastBStringReverse@modFastString_stub@@AAGXXZ PROC NEAR ; modFastString_stub::FastBStringReverse, COMDAT

; 4    : Sub FastBStringReverse(ByRef TargetString As String)

	push	ebp
	mov	ebp, esp

; 5    :     'nothing happens in the stub
; 6    : End Sub

	pop	ebp
	ret	4
?FastBStringReverse@modFastString_stub@@AAGXXZ ENDP	; modFastString_stub::FastBStringReverse
text$1	ENDS
END
